// Jest Snapshot v1, https://goo.gl/fbAQLP

exports[`Post.vue renders correctly 1`] = `
<div class="card pl-3 pr-8 py-4 mb-4">
  <h3 class="text-base">Post 1</h3>
  <p class="text-xs mt-2 mr-8">sunt aut facere repellat provident occaecati excepturi optio reprehenderit</p>
  <div class="absolute right-0 top-0 mr-2 h-full flex flex-col justify-center"><button type="button" class="btn"><svg xmlns="http://www.w3.org/2000/svg" viewBox="0 0 24 24" class="w-3">
        <path d="M0 16.67l2.829 2.83 9.175-9.339 9.167 9.339 2.829-2.83-11.996-12.17z"></path>
      </svg></button> <button type="button" class="btn"><svg xmlns="http://www.w3.org/2000/svg" viewBox="0 0 24 24" class="w-3">
        <path d="M0 7.33l2.829-2.83 9.175 9.339 9.167-9.339 2.829 2.83-11.996 12.17z"></path>
      </svg></button></div>
</div>
`;
